
> shezastar@0.1.0 test
> vitest --run test/integration/products.test.ts


[1m[46m RUN [49m[22m [36mv4.0.13 [39m[90mD:/bliz/shezastar[39m

[90mstdout[2m | test/integration/products.test.ts
[22m[39mConnected to DB: shazstar_test

 [31mÔØ»[39m test/integration/products.test.ts [2m([22m[2m15 tests[22m[2m | [22m[31m1 failed[39m[2m)[22m[32m 154[2mms[22m[39m
     [32mÔ£ô[39m should create a new product[32m 15[2mms[22m[39m
     [32mÔ£ô[39m should get all products[32m 9[2mms[22m[39m
     [32mÔ£ô[39m should get a single product by id[32m 3[2mms[22m[39m
     [32mÔ£ô[39m should update a product[32m 8[2mms[22m[39m
     [32mÔ£ô[39m should delete a product[32m 4[2mms[22m[39m
     [32mÔ£ô[39m should return 404 for deleted product[32m 2[2mms[22m[39m
     [32mÔ£ô[39m returns full hierarchy products when filtering by parent slug[32m 6[2mms[22m[39m
     [32mÔ£ô[39m scopes results to leaf when filtering by sub-subcategory slug[32m 6[2mms[22m[39m
     [32mÔ£ô[39m should create a product with stock count[32m 3[2mms[22m[39m
     [32mÔ£ô[39m should persist stock count when fetching product[32m 2[2mms[22m[39m
[31m     [31m├ù[31m should create a product without stock count[39m[32m 8[2mms[22m[39m
     [32mÔ£ô[39m should update product stock count[32m 5[2mms[22m[39m
     [32mÔ£ô[39m should accept zero stock count[32m 4[2mms[22m[39m
     [32mÔ£ô[39m should reject negative stock count[32m 1[2mms[22m[39m
     [32mÔ£ô[39m should reject decimal stock count[32m 1[2mms[22m[39m
node.exe : 
At D:\Program Files\nodejs\npm.ps1:29 char:3
+   & $NODE_EXE $NPM_CLI_JS $args
+   ~~~~~~~~~~~~~~~~~~~~~~~~~~~~~
    + CategoryInfo          : NotSpecified: (:Strin 
   g) [], RemoteException
    + FullyQualifiedErrorId : NativeCommandError
 
[31mÔÄ»ÔÄ»ÔÄ»ÔÄ»ÔÄ»ÔÄ»ÔÄ»[39m[1m[41m Failed 
Tests 1 [49m[22m[31mÔÄ»ÔÄ»ÔÄ»ÔÄ»ÔÄ»ÔÄ»ÔÄ»[39m

[41m[1m FAIL [22m[49m 
test/integration/products.test.ts[2m > 
[22mProducts API Integration - Stock Count[2m > 
[22mshould create a product without stock count
[31m[1mAssertionError[22m: expected null to be 
undefined[39m

[32m- Expected:[39m 
undefined

[31m+ Received:[39m 
null

[36m [2mÔØ»[22m test/integration/products.test.ts
:[2m229:33[22m[39m
    [90m227| [39m
    [90m228| [39m        [34mexpect[39m(res[33m
.[39mstatus)[33m.[39m[34mtoBe[39m([34m201[39m
)[33m;[39m
    [90m229| [39m        [34mexpect[39m(body[33
m.[39mstockCount)[33m.[39m[34mtoBeUndefined[39m
()[33m;[39m
    [90m   | [39m                                
[31m^[39m
    [90m230| [39m        productWithoutStockId 
[33m=[39m body[33m.[39mid[33m;[39m
    [90m231| [39m    })[33m;[39m

[31m[2mÔÄ»ÔÄ»ÔÄ»ÔÄ»ÔÄ»ÔÄ»ÔÄ»ÔÄ»ÔÄ»ÔÄ»ÔÄ»ÔÄ»ÔÄ»ÔÄ»Ô
Ä»ÔÄ»ÔÄ»ÔÄ»ÔÄ»ÔÄ»ÔÄ»ÔÄ»ÔÄ»ÔÄ»[1/1]ÔÄ»[22m[39m


[2m Test Files [22m [1m[31m1 failed[39m[22m[90m (1)[39m
[2m      Tests [22m [1m[31m1 failed[39m[22m[2m | [22m[1m[32m14 passed[39m[22m[90m (15)[39m
[2m   Start at [22m 10:56:19
[2m   Duration [22m 921ms[2m (transform 185ms, setup 266ms, collect 271ms, tests 154ms, environment 0ms, prepare 12ms)[22m

